Γ£û parseArgs: reads --flag value pairs and bare boolean flags (47.2897ms)
Γ£û AC1: the CLI subprocess boots, prints a 127.0.0.1:<port> URL, and terminates on SIGINT (0.0669ms)
Γ£û AC3: importing gateway/cli.mjs (already imported above for startCli/parseArgs) never wrote to stdout ΓÇö the main-guard held (0.0538ms)
Γ£û AC3b: importing gateway/cli.mjs from a standalone process writes nothing to stdout and starts no listener (0.07ms)
Γ£û startCli wires --policy through loadPolicy and registers one default run with a minted token (0.0756ms)
Γ£û AC2: a request proxied through the running CLI appends exactly one event to the ledger at --ledger (0.054ms)
Γ£û AC5: a budget-deny still returns a non-retryable 403 through the CLI path once the cap is crossed (0.0469ms)
Γ£û an unregistered token still gets 401 (no run) ΓÇö standalone does not silently allow unknown callers (0.0534ms)
Γ£û C:\projects\meridianos-core\gateway\tests\cli.test.mjs (0.1932ms)
